// Jest Snapshot v1, https://goo.gl/fbAQLP

exports[`CategoryTemplate renders correctly 1`] = `
.c1 {
  box-sizing: border-box;
  box-sizing: border-box;
  -webkit-flex-basis: 100%;
  -ms-flex-preferred-size: 100%;
  flex-basis: 100%;
  max-width: 100%;
}

.c2 {
  display: -webkit-box;
  display: -webkit-flex;
  display: -ms-flexbox;
  display: flex;
  display: -webkit-box;
  display: -webkit-flex;
  display: -ms-flexbox;
  display: flex;
  -webkit-flex-wrap: wrap;
  -ms-flex-wrap: wrap;
  flex-wrap: wrap;
}

.c0 {
  display: -webkit-box;
  display: -webkit-flex;
  display: -ms-flexbox;
  display: flex;
  -webkit-box-pack: space-around;
  -webkit-justify-content: space-around;
  -ms-flex-pack: space-around;
  justify-content: space-around;
  -webkit-flex-wrap: wrap;
  -ms-flex-wrap: wrap;
  flex-wrap: wrap;
}

.c5 {
  display: inline-block;
  margin-bottom: 0;
  border-radius: 50%;
  background-clip: padding-box;
}

.c6 {
  font-size: 18px;
  font-weight: 600;
  line-height: 1.828125em;
  margin: 13px 0px;
}

.c7 {
  color: var(--color-text);
}

.c7:hover,
.c7:focus {
  color: var(--color-text);
}

.c8 {
  color: var(--color-gray500);
  line-height: 1.625em;
  margin-bottom: 26px;
}

.c17 {
  display: inline-block;
  width: 1em;
  height: 1em;
  stroke-width: 0;
  stroke: currentColor;
  fill: currentColor;
  font-style: normal;
  font-weight: normal;
  speak: none;
  margin-right: .2em;
  text-align: center;
  font-variant: normal;
  text-transform: none;
  line-height: 1em;
  margin-left: .2em;
  -webkit-font-smoothing: antialiased;
  -moz-osx-font-smoothing: grayscale;
}

.c13 {
  margin-bottom: 26px;
}

.c14 {
  display: -webkit-box;
  display: -webkit-flex;
  display: -ms-flexbox;
  display: flex;
  -webkit-flex-flow: row wrap;
  -ms-flex-flow: row wrap;
  flex-flow: row wrap;
  -webkit-box-flex: 0;
  -webkit-flex-grow: 0;
  -ms-flex-positive: 0;
  flex-grow: 0;
  -webkit-flex-shrink: 0;
  -ms-flex-negative: 0;
  flex-shrink: 0;
  list-style: none;
  padding: 0;
  margin: 10px -3px;
  width: 140px;
}

.c15 {
  padding: 0;
  margin: 4px;
  display: -webkit-box;
  display: -webkit-flex;
  display: -ms-flexbox;
  display: flex;
  -webkit-align-content: center;
  -ms-flex-line-pack: center;
  align-content: center;
  -webkit-align-items: center;
  -webkit-box-align: center;
  -ms-flex-align: center;
  align-items: center;
  -webkit-box-pack: center;
  -webkit-justify-content: center;
  -ms-flex-pack: center;
  justify-content: center;
  height: 35px;
  width: 35px;
  line-height: 1.625em;
  border-radius: 50%;
  text-align: center;
  border: 1px solid var(--color-gray300);
}

.c16 {
  border: 0;
  display: -webkit-box;
  display: -webkit-flex;
  display: -ms-flexbox;
  display: flex;
  color: var(--color-text);
}

.c16:hover,
.c16:focus {
  color: var(--color-primary);
}

.c18 {
  color: var(--color-gray500);
  font-size: 14px;
}

.c9 {
  margin-bottom: 26px;
}

.c10 {
  list-style: none;
  padding: 0;
  margin: 0;
}

.c11 {
  padding: 0;
  margin: 10px 0;
}

.c12 {
  font-size: 16px;
  color: var(--color-text);
  font-weight: normal;
  border: 0;
}

.c12:hover,
.c12:focus {
  color: var(--color-primary);
  border-bottom: 1px solid var(--color-primary);
}

.c12:.active {
  color: var(--color-text);
  border-bottom: 1px solid var(--color-text);
}

.c3 {
  width: 100%;
  box-sizing: border-box;
  -webkit-flex-basis: 100%;
  -ms-flex-preferred-size: 100%;
  flex-basis: 100%;
  max-width: 100%;
}

.c4 {
  position: relative;
  padding: 25px 20px 0;
}

.c23 {
  margin-top: 32.5px;
}

.c23:last-child {
  margin-bottom: 13px;
}

.c24 {
  font-size: 14px;
  color: var(--color-text);
  font-weight: 600;
  text-transform: uppercase;
}

.c25 {
  margin: 0 5px;
}

.c26 {
  font-size: 14px;
  color: var(--color-secondary);
  font-weight: 600;
  text-transform: uppercase;
}

.c26:hover,
.c26:focus {
  color: var(--color-primary);
}

.c27 {
  font-size: 27px;
  line-height: 2.4375em;
  margin-top: 0;
  margin-bottom: 13px;
}

.c28 {
  color: var(--color-text);
}

.c28:hover,
.c28:focus {
  color: var(--color-text);
  border-bottom: 1px solid var(--color-text);
}

.c29 {
  font-size: 16px;
  line-height: 1.625em;
  margin-bottom: 19.5px;
}

.c30 {
  font-size: 16px;
  color: var(--color-primary);
}

.c30:hover,
.c30:focus {
  color: var(--color-primary);
  border-bottom: 1px solid var(--color-primary);
}

.c19 {
  margin-bottom: 52px;
  box-sizing: border-box;
  -webkit-flex-basis: 100%;
  -ms-flex-preferred-size: 100%;
  flex-basis: 100%;
  max-width: 100%;
}

.c20 {
  padding: 25px 20px;
}

.c21 {
  font-size: 40px;
  font-weight: 600;
  line-height: 3.25em;
  margin-top: 0px;
  margin-bottom: 37.699999999999996px;
}

.c22 {
  font-size: 16px;
  line-height: 1.625em;
  margin: 0px 0px 26px;
}

.c31 {
  display: -webkit-box;
  display: -webkit-flex;
  display: -ms-flexbox;
  display: flex;
  margin-top: 52px;
}

.c32 {
  width: 50%;
  text-align: left;
}

.c34 {
  width: 50%;
  text-align: right;
}

.c33 {
  color: var(--color-secondary);
  font-size: 26px;
  font-weight: bold;
}

.c33:hover,
.c33:focus {
  color: var(--color-primary);
}

@media (min-width:62em) {
  .c1 {
    -webkit-flex-basis: 83.3333%;
    -ms-flex-preferred-size: 83.3333%;
    flex-basis: 83.3333%;
    max-width: 83.3333%;
  }
}

@media (min-width:36em) {
  .c3 {
    -webkit-flex-basis: 41.6667%;
    -ms-flex-preferred-size: 41.6667%;
    flex-basis: 41.6667%;
    max-width: 41.6667%;
  }
}

@media (min-width:48em) {
  .c3 {
    -webkit-flex-basis: 33.3333%;
    -ms-flex-preferred-size: 33.3333%;
    flex-basis: 33.3333%;
    max-width: 33.3333%;
  }
}

@media screen and (min-width:36em) {
  .c4 {
    padding: 30px 20px 0;
  }

  .c4:after {
    background: var(--color-gray500);
    background: linear-gradient(to bottom,var(--color-gray500) 0%,var(--color-gray500) 48%,var(--color-background) 100%);
    position: absolute;
    content: '';
    width: 1px;
    height: 540px;
    top: 30px;
    right: -10px;
    bottom: 0;
  }
}

@media (min-width:36em) {
  .c19 {
    -webkit-flex-basis: 58.3333%;
    -ms-flex-preferred-size: 58.3333%;
    flex-basis: 58.3333%;
    max-width: 58.3333%;
  }
}

@media (min-width:48em) {
  .c19 {
    -webkit-flex-basis: 66.6667%;
    -ms-flex-preferred-size: 66.6667%;
    flex-basis: 66.6667%;
    max-width: 66.6667%;
  }
}

@media screen and (min-width:36em) {
  .c20 {
    padding: 30px 20px;
  }
}

@media screen and (min-width:48em) {
  .c20 {
    padding: 40px 35px;
  }
}

<div
  className="c0"
>
  <div
    className="c1"
    size={
      Object {
        "lg": 0.8333333333333334,
      }
    }
  >
    <div
      className="c2"
    >
      <div
        className="c3"
      >
        <div
          className="c4"
        >
          <div>
            <a
              href="/"
            >
              <img
                alt="Test name"
                className="c5"
                height="75"
                src="/test.jpg"
                width="75"
              />
            </a>
            <h2
              className="c6"
            >
              <a
                className="c7"
                href="/"
              >
                Test name
              </a>
            </h2>
            <p
              className="c8"
            >
              Test bio
            </p>
          </div>
          <button
            aria-checked={false}
            className="rc-switch"
            onClick={[Function]}
            onKeyDown={[Function]}
            role="switch"
            type="button"
          >
            <span
              className="rc-switch-inner"
            >
              🌙
            </span>
          </button>
          <nav
            className="c9"
          >
            <ul
              className="c10"
            >
              <li
                className="c11"
              >
                <a
                  className="c12"
                  href="/test/1/"
                >
                  Test label 1
                </a>
              </li>
              <li
                className="c11"
              >
                <a
                  className="c12"
                  href="/test/2/"
                >
                  Test label 2
                </a>
              </li>
              <li
                className="c11"
              >
                <a
                  className="c12"
                  href="/test/3/"
                >
                  Test label 3
                </a>
              </li>
            </ul>
          </nav>
          <div
            className="c13"
          >
            <ul
              className="c14"
            >
              <li
                className="c15"
              >
                <a
                  className="c16"
                  href="mailto:#"
                  rel="noopener noreferrer"
                  target="_blank"
                >
                  <svg
                    className="c17"
                    viewBox="0 0 28 28"
                  >
                    <title>
                      email
                    </title>
                    <path
                      d="M26 23.5v-12c-0.328 0.375-0.688 0.719-1.078 1.031-2.234 1.719-4.484 3.469-6.656 5.281-1.172 0.984-2.625 2.188-4.25 2.188h-0.031c-1.625 0-3.078-1.203-4.25-2.188-2.172-1.813-4.422-3.563-6.656-5.281-0.391-0.313-0.75-0.656-1.078-1.031v12c0 0.266 0.234 0.5 0.5 0.5h23c0.266 0 0.5-0.234 0.5-0.5zM26 7.078c0-0.391 0.094-1.078-0.5-1.078h-23c-0.266 0-0.5 0.234-0.5 0.5 0 1.781 0.891 3.328 2.297 4.438 2.094 1.641 4.188 3.297 6.266 4.953 0.828 0.672 2.328 2.109 3.422 2.109h0.031c1.094 0 2.594-1.437 3.422-2.109 2.078-1.656 4.172-3.313 6.266-4.953 1.016-0.797 2.297-2.531 2.297-3.859zM28 6.5v17c0 1.375-1.125 2.5-2.5 2.5h-23c-1.375 0-2.5-1.125-2.5-2.5v-17c0-1.375 1.125-2.5 2.5-2.5h23c1.375 0 2.5 1.125 2.5 2.5z"
                    />
                  </svg>
                </a>
              </li>
              <li
                className="c15"
              >
                <a
                  className="c16"
                  href="https://t.me/#"
                  rel="noopener noreferrer"
                  target="_blank"
                >
                  <svg
                    className="c17"
                    viewBox="0 0 28 28"
                  >
                    <title>
                      telegram
                    </title>
                    <path
                      d="M27.563 0.172c0.328 0.234 0.484 0.609 0.422 1l-4 24c-0.047 0.297-0.234 0.547-0.5 0.703-0.141 0.078-0.313 0.125-0.484 0.125-0.125 0-0.25-0.031-0.375-0.078l-7.078-2.891-3.781 4.609c-0.187 0.234-0.469 0.359-0.766 0.359-0.109 0-0.234-0.016-0.344-0.063-0.391-0.141-0.656-0.516-0.656-0.938v-5.453l13.5-16.547-16.703 14.453-6.172-2.531c-0.359-0.141-0.594-0.469-0.625-0.859-0.016-0.375 0.172-0.734 0.5-0.922l26-15c0.156-0.094 0.328-0.141 0.5-0.141 0.203 0 0.406 0.063 0.562 0.172z"
                    />
                  </svg>
                </a>
              </li>
              <li
                className="c15"
              >
                <a
                  className="c16"
                  href="https://www.twitter.com/#"
                  rel="noopener noreferrer"
                  target="_blank"
                >
                  <svg
                    className="c17"
                    viewBox="0 0 26 28"
                  >
                    <title>
                      twitter
                    </title>
                    <path
                      d="M25.312 6.375c-0.688 1-1.547 1.891-2.531 2.609 0.016 0.219 0.016 0.438 0.016 0.656 0 6.672-5.078 14.359-14.359 14.359-2.859 0-5.516-0.828-7.75-2.266 0.406 0.047 0.797 0.063 1.219 0.063 2.359 0 4.531-0.797 6.266-2.156-2.219-0.047-4.078-1.5-4.719-3.5 0.313 0.047 0.625 0.078 0.953 0.078 0.453 0 0.906-0.063 1.328-0.172-2.312-0.469-4.047-2.5-4.047-4.953v-0.063c0.672 0.375 1.453 0.609 2.281 0.641-1.359-0.906-2.25-2.453-2.25-4.203 0-0.938 0.25-1.797 0.688-2.547 2.484 3.062 6.219 5.063 10.406 5.281-0.078-0.375-0.125-0.766-0.125-1.156 0-2.781 2.25-5.047 5.047-5.047 1.453 0 2.766 0.609 3.687 1.594 1.141-0.219 2.234-0.641 3.203-1.219-0.375 1.172-1.172 2.156-2.219 2.781 1.016-0.109 2-0.391 2.906-0.781z"
                    />
                  </svg>
                </a>
              </li>
              <li
                className="c15"
              >
                <a
                  className="c16"
                  href="https://github.com/#"
                  rel="noopener noreferrer"
                  target="_blank"
                >
                  <svg
                    className="c17"
                    viewBox="0 0 26 28"
                  >
                    <title>
                      github
                    </title>
                    <path
                      d="M10 19c0 1.141-0.594 3-2 3s-2-1.859-2-3 0.594-3 2-3 2 1.859 2 3zM20 19c0 1.141-0.594 3-2 3s-2-1.859-2-3 0.594-3 2-3 2 1.859 2 3zM22.5 19c0-2.391-1.453-4.5-4-4.5-1.031 0-2.016 0.187-3.047 0.328-0.812 0.125-1.625 0.172-2.453 0.172s-1.641-0.047-2.453-0.172c-1.016-0.141-2.016-0.328-3.047-0.328-2.547 0-4 2.109-4 4.5 0 4.781 4.375 5.516 8.188 5.516h2.625c3.813 0 8.188-0.734 8.188-5.516zM26 16.25c0 1.734-0.172 3.578-0.953 5.172-2.063 4.172-7.734 4.578-11.797 4.578-4.125 0-10.141-0.359-12.281-4.578-0.797-1.578-0.969-3.437-0.969-5.172 0-2.281 0.625-4.438 2.125-6.188-0.281-0.859-0.422-1.766-0.422-2.656 0-1.172 0.266-2.344 0.797-3.406 2.469 0 4.047 1.078 5.922 2.547 1.578-0.375 3.203-0.547 4.828-0.547 1.469 0 2.953 0.156 4.375 0.5 1.859-1.453 3.437-2.5 5.875-2.5 0.531 1.062 0.797 2.234 0.797 3.406 0 0.891-0.141 1.781-0.422 2.625 1.5 1.766 2.125 3.938 2.125 6.219z"
                    />
                  </svg>
                </a>
              </li>
              <li
                className="c15"
              >
                <a
                  className="c16"
                  href="#"
                  rel="noopener noreferrer"
                  target="_blank"
                >
                  <svg
                    className="c17"
                    viewBox="0 0 22 28"
                  >
                    <title>
                      rss
                    </title>
                    <path
                      d="M6 21c0 1.656-1.344 3-3 3s-3-1.344-3-3 1.344-3 3-3 3 1.344 3 3zM14 22.922c0.016 0.281-0.078 0.547-0.266 0.75-0.187 0.219-0.453 0.328-0.734 0.328h-2.109c-0.516 0-0.938-0.391-0.984-0.906-0.453-4.766-4.234-8.547-9-9-0.516-0.047-0.906-0.469-0.906-0.984v-2.109c0-0.281 0.109-0.547 0.328-0.734 0.172-0.172 0.422-0.266 0.672-0.266h0.078c3.328 0.266 6.469 1.719 8.828 4.094 2.375 2.359 3.828 5.5 4.094 8.828zM22 22.953c0.016 0.266-0.078 0.531-0.281 0.734-0.187 0.203-0.438 0.313-0.719 0.313h-2.234c-0.531 0-0.969-0.406-1-0.938-0.516-9.078-7.75-16.312-16.828-16.844-0.531-0.031-0.938-0.469-0.938-0.984v-2.234c0-0.281 0.109-0.531 0.313-0.719 0.187-0.187 0.438-0.281 0.688-0.281h0.047c5.469 0.281 10.609 2.578 14.484 6.469 3.891 3.875 6.188 9.016 6.469 14.484z"
                    />
                  </svg>
                </a>
              </li>
              <li
                className="c15"
              >
                <a
                  className="c16"
                  href="https://vk.com/#"
                  rel="noopener noreferrer"
                  target="_blank"
                >
                  <svg
                    className="c17"
                    viewBox="0 0 31 28"
                  >
                    <title>
                      vkontakte
                    </title>
                    <path
                      d="M29.953 8.125c0.234 0.641-0.5 2.141-2.344 4.594-3.031 4.031-3.359 3.656-0.859 5.984 2.406 2.234 2.906 3.313 2.984 3.453 0 0 1 1.75-1.109 1.766l-4 0.063c-0.859 0.172-2-0.609-2-0.609-1.5-1.031-2.906-3.703-4-3.359 0 0-1.125 0.359-1.094 2.766 0.016 0.516-0.234 0.797-0.234 0.797s-0.281 0.297-0.828 0.344h-1.797c-3.953 0.25-7.438-3.391-7.438-3.391s-3.813-3.938-7.156-11.797c-0.219-0.516 0.016-0.766 0.016-0.766s0.234-0.297 0.891-0.297l4.281-0.031c0.406 0.063 0.688 0.281 0.688 0.281s0.25 0.172 0.375 0.5c0.703 1.75 1.609 3.344 1.609 3.344 1.563 3.219 2.625 3.766 3.234 3.437 0 0 0.797-0.484 0.625-4.375-0.063-1.406-0.453-2.047-0.453-2.047-0.359-0.484-1.031-0.625-1.328-0.672-0.234-0.031 0.156-0.594 0.672-0.844 0.766-0.375 2.125-0.391 3.734-0.375 1.266 0.016 1.625 0.094 2.109 0.203 1.484 0.359 0.984 1.734 0.984 5.047 0 1.062-0.203 2.547 0.562 3.031 0.328 0.219 1.141 0.031 3.141-3.375 0 0 0.938-1.625 1.672-3.516 0.125-0.344 0.391-0.484 0.391-0.484s0.25-0.141 0.594-0.094l4.5-0.031c1.359-0.172 1.578 0.453 1.578 0.453z"
                    />
                  </svg>
                </a>
              </li>
            </ul>
          </div>
          <div
            className="c18"
          >
            Test copyright
          </div>
        </div>
      </div>
      <div
        className="c19"
      >
        <div
          className="c20"
        >
          <h1
            className="c21"
          >
            test
          </h1>
          <div
            className="c22"
          >
            <div>
              <div
                className="c23"
              >
                <div>
                  <time
                    className="c24"
                    dateTime="September 1, 2016"
                  >
                    September 2016
                  </time>
                  <span
                    className="c25"
                  />
                  <span>
                    <a
                      className="c26"
                      href="/test"
                    >
                      test
                    </a>
                  </span>
                </div>
                <h2
                  className="c27"
                >
                  <a
                    className="c28"
                    href="/test_0"
                  >
                    test_0
                  </a>
                </h2>
                <p
                  className="c29"
                >
                  test_0
                </p>
                <a
                  className="c30"
                  href="/test_0"
                >
                  Read post
                </a>
                <span>
                  🕒 
                  1 min read
                </span>
              </div>
              <div
                className="c23"
              >
                <div>
                  <time
                    className="c24"
                    dateTime="September 1, 2016"
                  >
                    September 2016
                  </time>
                  <span
                    className="c25"
                  />
                  <span>
                    <a
                      className="c26"
                      href="/test"
                    >
                      test
                    </a>
                  </span>
                </div>
                <h2
                  className="c27"
                >
                  <a
                    className="c28"
                    href="/test_1"
                  >
                    test_1
                  </a>
                </h2>
                <p
                  className="c29"
                >
                  test_1
                </p>
                <a
                  className="c30"
                  href="/test_1"
                >
                  Read post
                </a>
                <span>
                  🕒 
                  1 min read
                </span>
              </div>
            </div>
            <div
              className="c31"
            >
              <div
                className="sc-fznxKY c32"
              >
                <a
                  className="c33"
                  disabled={false}
                  href="/page/1"
                  rel="prev"
                >
                  ← PREV
                </a>
              </div>
              <div
                className="sc-fznxKY c34"
              >
                <a
                  className="c33"
                  disabled={false}
                  href="/page/3"
                  rel="next"
                >
                  → NEXT
                </a>
              </div>
            </div>
          </div>
        </div>
      </div>
    </div>
  </div>
</div>
`;
