// Jest Snapshot v1, https://goo.gl/fbAQLP

exports[`Feed renders correctly 1`] = `
.c0 {
  margin-top: 32.5px;
}

.c0:last-child {
  margin-bottom: 13px;
}

.c1 {
  font-size: 14px;
  color: var(--color-text);
  font-weight: 600;
  text-transform: uppercase;
}

.c2 {
  margin: 0 5px;
}

.c3 {
  font-size: 14px;
  color: var(--color-secondary);
  font-weight: 600;
  text-transform: uppercase;
}

.c3:hover,
.c3:focus {
  color: var(--color-primary);
}

.c4 {
  font-size: 27px;
  line-height: 2.4375em;
  margin-top: 0;
  margin-bottom: 13px;
}

.c5 {
  color: var(--color-text);
}

.c5:hover,
.c5:focus {
  color: var(--color-text);
  border-bottom: 1px solid var(--color-text);
}

.c6 {
  font-size: 16px;
  line-height: 1.625em;
  margin-bottom: 19.5px;
}

.c7 {
  font-size: 16px;
  color: var(--color-primary);
}

.c7:hover,
.c7:focus {
  color: var(--color-primary);
  border-bottom: 1px solid var(--color-primary);
}

<div>
  <div
    className="c0"
  >
    <div>
      <time
        className="c1"
        dateTime="September 1, 2016"
      >
        September 2016
      </time>
      <span
        className="c2"
      />
      <span>
        <a
          className="c3"
          href="/test_0"
        >
          test_0
        </a>
      </span>
    </div>
    <h2
      className="c4"
    >
      <a
        className="c5"
        href="/test_0"
      >
        test_0
      </a>
    </h2>
    <p
      className="c6"
    >
      test_0
    </p>
    <a
      className="c7"
      href="/test_0"
    >
      Read post
    </a>
    <span>
      ðŸ•’ 
      1 min read
    </span>
  </div>
  <div
    className="c0"
  >
    <div>
      <time
        className="c1"
        dateTime="September 1, 2016"
      >
        September 2016
      </time>
      <span
        className="c2"
      />
      <span>
        <a
          className="c3"
          href="/test_1"
        >
          test_1
        </a>
      </span>
    </div>
    <h2
      className="c4"
    >
      <a
        className="c5"
        href="/test_1"
      >
        test_1
      </a>
    </h2>
    <p
      className="c6"
    >
      test_1
    </p>
    <a
      className="c7"
      href="/test_1"
    >
      Read post
    </a>
    <span>
      ðŸ•’ 
      1 min read
    </span>
  </div>
</div>
`;
